2026-09-26 14:56:37,459 - aqt.main - INFO - installer 21264 aqtinstall(aqt) v3.3.0 on Python 3.14.6 [CPython MSC v.1944 64 bit (AMD64)]
2026-09-26 14:56:38,238 - aqt.installer - INFO - installer 21264 Resolved spec '6.9' to 6.9.3
2026-09-26 14:56:38,238 - aqt.helper - DEBUG - helper 21264 Attempt to download checksum at https://download.qt.io/online/qtsdkrepository/windows_x86/desktop/qt6_693/qt6_693/Updates.xml.sha256
2026-09-26 14:56:39,894 - aqt.helper - DEBUG - helper 21264 Attempt to download checksum at https://download.qt.io/online/qtsdkrepository/windows_x86/extensions/qtwebengine/693/msvc2022_64/Updates.xml.sha256
2026-09-26 14:56:41,264 - aqt.archives - INFO - archives 21264 Found extension qtwebengine
2026-09-26 14:56:41,264 - aqt.helper - DEBUG - helper 21264 Attempt to download checksum at https://download.qt.io/online/qtsdkrepository/windows_x86/extensions/qtpdf/693/msvc2022_64/Updates.xml.sha256
2026-09-26 14:56:42,608 - aqt.archives - INFO - archives 21264 Found extension qtpdf
2026-09-26 14:56:43,180 - aqt.helper - DEBUG - helper 23820 Attempt to download checksum at https://download.qt.io/online/qtsdkrepository/windows_x86/desktop/qt6_693/qt6_693/qt.qt6.693.win64_msvc2022_64/6.9.3-0-202509261208qtbase-Windows-Windows_11_23H2-MSVC2022-Windows-Windows_11_23H2-X86_64.7z.sha256
2026-09-26 14:56:43,183 - aqt.helper - DEBUG - helper 5988 Attempt to download checksum at https://download.qt.io/online/qtsdkrepository/windows_x86/desktop/qt6_693/qt6_693/qt.qt6.693.win64_msvc2022_64/6.9.3-0-202509261208qtsvg-Windows-Windows_11_23H2-MSVC2022-Windows-Windows_11_23H2-X86_64.7z.sha256
2026-09-26 14:56:43,187 - aqt.helper - DEBUG - helper 2608 Attempt to download checksum at https://download.qt.io/online/qtsdkrepository/windows_x86/desktop/qt6_693/qt6_693/qt.qt6.693.win64_msvc2022_64/6.9.3-0-202509261208qtdeclarative-Windows-Windows_11_23H2-MSVC2022-Windows-Windows_11_23H2-X86_64.7z.sha256
2026-09-26 14:56:43,194 - aqt.helper - DEBUG - helper 9732 Attempt to download checksum at https://download.qt.io/online/qtsdkrepository/windows_x86/desktop/qt6_693/qt6_693/qt.qt6.693.win64_msvc2022_64/6.9.3-0-202509261208qttools-Windows-Windows_11_23H2-MSVC2022-Windows-Windows_11_23H2-X86_64.7z.sha256
2026-09-26 14:56:43,958 - aqt.helper - INFO - helper 5988 Downloading qtsvg...
2026-09-26 14:56:43,959 - aqt.installer - DEBUG - installer 5988 Download URL: https://download.qt.io/online/qtsdkrepository/windows_x86/desktop/qt6_693/qt6_693/qt.qt6.693.win64_msvc2022_64/6.9.3-0-202509261208qtsvg-Windows-Windows_11_23H2-MSVC2022-Windows-Windows_11_23H2-X86_64.7z
2026-09-26 14:56:43,966 - aqt.helper - INFO - helper 23820 Downloading qtbase...
2026-09-26 14:56:43,966 - aqt.helper - INFO - helper 9732 Downloading qttools...
2026-09-26 14:56:43,966 - aqt.installer - DEBUG - installer 23820 Download URL: https://download.qt.io/online/qtsdkrepository/windows_x86/desktop/qt6_693/qt6_693/qt.qt6.693.win64_msvc2022_64/6.9.3-0-202509261208qtbase-Windows-Windows_11_23H2-MSVC2022-Windows-Windows_11_23H2-X86_64.7z
2026-09-26 14:56:43,966 - aqt.installer - DEBUG - installer 9732 Download URL: https://download.qt.io/online/qtsdkrepository/windows_x86/desktop/qt6_693/qt6_693/qt.qt6.693.win64_msvc2022_64/6.9.3-0-202509261208qttools-Windows-Windows_11_23H2-MSVC2022-Windows-Windows_11_23H2-X86_64.7z
2026-09-26 14:56:43,968 - aqt.helper - INFO - helper 2608 Downloading qtdeclarative...
2026-09-26 14:56:43,969 - aqt.installer - DEBUG - installer 2608 Download URL: https://download.qt.io/online/qtsdkrepository/windows_x86/desktop/qt6_693/qt6_693/qt.qt6.693.win64_msvc2022_64/6.9.3-0-202509261208qtdeclarative-Windows-Windows_11_23H2-MSVC2022-Windows-Windows_11_23H2-X86_64.7z
2026-09-26 14:56:44,628 - aqt.helper - DEBUG - helper 9732 Asked to redirect(302) to: https://ftp.jaist.ac.jp/pub/qtproject/online/qtsdkrepository/windows_x86/desktop/qt6_693/qt6_693/qt.qt6.693.win64_msvc2022_64/6.9.3-0-202509261208qttools-Windows-Windows_11_23H2-MSVC2022-Windows-Windows_11_23H2-X86_64.7z
2026-09-26 14:56:44,628 - aqt.helper - INFO - helper 9732 Redirected: ftp.jaist.ac.jp
2026-09-26 14:56:44,651 - aqt.helper - DEBUG - helper 2608 Asked to redirect(302) to: https://ftp.jaist.ac.jp/pub/qtproject/online/qtsdkrepository/windows_x86/desktop/qt6_693/qt6_693/qt.qt6.693.win64_msvc2022_64/6.9.3-0-202509261208qtdeclarative-Windows-Windows_11_23H2-MSVC2022-Windows-Windows_11_23H2-X86_64.7z
2026-09-26 14:56:44,651 - aqt.helper - INFO - helper 2608 Redirected: ftp.jaist.ac.jp
2026-09-26 14:56:44,661 - aqt.helper - DEBUG - helper 23820 Asked to redirect(302) to: https://ftp.jaist.ac.jp/pub/qtproject/online/qtsdkrepository/windows_x86/desktop/qt6_693/qt6_693/qt.qt6.693.win64_msvc2022_64/6.9.3-0-202509261208qtbase-Windows-Windows_11_23H2-MSVC2022-Windows-Windows_11_23H2-X86_64.7z
2026-09-26 14:56:44,661 - aqt.helper - INFO - helper 23820 Redirected: ftp.jaist.ac.jp
2026-09-26 14:56:44,673 - aqt.helper - DEBUG - helper 5988 Asked to redirect(302) to: https://ftp.jaist.ac.jp/pub/qtproject/online/qtsdkrepository/windows_x86/desktop/qt6_693/qt6_693/qt.qt6.693.win64_msvc2022_64/6.9.3-0-202509261208qtsvg-Windows-Windows_11_23H2-MSVC2022-Windows-Windows_11_23H2-X86_64.7z
2026-09-26 14:56:44,673 - aqt.helper - INFO - helper 5988 Redirected: ftp.jaist.ac.jp
2026-09-26 14:56:47,291 - aqt.installer - INFO - installer 5988 Finished installation of qtsvg-Windows-Windows_11_23H2-MSVC2022-Windows-Windows_11_23H2-X86_64.7z in 4.11009880
2026-09-26 14:56:47,304 - aqt.helper - DEBUG - helper 5988 Attempt to download checksum at https://download.qt.io/online/qtsdkrepository/windows_x86/desktop/qt6_693/qt6_693/qt.qt6.693.win64_msvc2022_64/6.9.3-0-202509261208qttranslations-Windows-Windows_11_23H2-MSVC2022-Windows-Windows_11_23H2-X86_64.7z.sha256
2026-09-26 14:56:47,986 - aqt.helper - INFO - helper 5988 Downloading qttranslations...
2026-09-26 14:56:47,986 - aqt.installer - DEBUG - installer 5988 Download URL: https://download.qt.io/online/qtsdkrepository/windows_x86/desktop/qt6_693/qt6_693/qt.qt6.693.win64_msvc2022_64/6.9.3-0-202509261208qttranslations-Windows-Windows_11_23H2-MSVC2022-Windows-Windows_11_23H2-X86_64.7z
2026-09-26 14:56:48,674 - aqt.helper - DEBUG - helper 5988 Asked to redirect(302) to: https://ftp.jaist.ac.jp/pub/qtproject/online/qtsdkrepository/windows_x86/desktop/qt6_693/qt6_693/qt.qt6.693.win64_msvc2022_64/6.9.3-0-202509261208qttranslations-Windows-Windows_11_23H2-MSVC2022-Windows-Windows_11_23H2-X86_64.7z
2026-09-26 14:56:48,674 - aqt.helper - INFO - helper 5988 Redirected: ftp.jaist.ac.jp
2026-09-26 14:56:53,324 - aqt.installer - INFO - installer 5988 Finished installation of qttranslations-Windows-Windows_11_23H2-MSVC2022-Windows-Windows_11_23H2-X86_64.7z in 6.02362610
2026-09-26 14:56:53,339 - aqt.helper - DEBUG - helper 5988 Attempt to download checksum at https://download.qt.io/online/qtsdkrepository/windows_x86/desktop/qt6_693/qt6_693/qt.qt6.693.win64_msvc2022_64/6.9.3-0-202509261208d3dcompiler_47-x64.7z.sha256
2026-09-26 14:56:54,281 - aqt.helper - INFO - helper 5988 Downloading d3dcompiler_47...
2026-09-26 14:56:54,281 - aqt.installer - DEBUG - installer 5988 Download URL: https://download.qt.io/online/qtsdkrepository/windows_x86/desktop/qt6_693/qt6_693/qt.qt6.693.win64_msvc2022_64/6.9.3-0-202509261208d3dcompiler_47-x64.7z
2026-09-26 14:56:55,138 - aqt.helper - DEBUG - helper 5988 Asked to redirect(302) to: https://ftp.jaist.ac.jp/pub/qtproject/online/qtsdkrepository/windows_x86/desktop/qt6_693/qt6_693/qt.qt6.693.win64_msvc2022_64/6.9.3-0-202509261208d3dcompiler_47-x64.7z
2026-09-26 14:56:55,138 - aqt.helper - INFO - helper 5988 Redirected: ftp.jaist.ac.jp
2026-09-26 14:56:56,974 - aqt.installer - INFO - installer 9732 Finished installation of qttools-Windows-Windows_11_23H2-MSVC2022-Windows-Windows_11_23H2-X86_64.7z in 13.78112080
2026-09-26 14:56:56,992 - aqt.helper - DEBUG - helper 9732 Attempt to download checksum at https://download.qt.io/online/qtsdkrepository/windows_x86/desktop/qt6_693/qt6_693/qt.qt6.693.win64_msvc2022_64/6.9.3-0-202509261208opengl32sw-64-mesa_11_2_2-signed_sha256.7z.sha256
2026-09-26 14:56:57,548 - aqt.installer - INFO - installer 5988 Finished installation of d3dcompiler_47-x64.7z in 4.21047000
2026-09-26 14:56:57,676 - aqt.helper - INFO - helper 9732 Downloading opengl32sw...
2026-09-26 14:56:57,677 - aqt.installer - DEBUG - installer 9732 Download URL: https://download.qt.io/online/qtsdkrepository/windows_x86/desktop/qt6_693/qt6_693/qt.qt6.693.win64_msvc2022_64/6.9.3-0-202509261208opengl32sw-64-mesa_11_2_2-signed_sha256.7z
2026-09-26 14:56:58,369 - aqt.helper - DEBUG - helper 9732 Asked to redirect(302) to: https://ftp.jaist.ac.jp/pub/qtproject/online/qtsdkrepository/windows_x86/desktop/qt6_693/qt6_693/qt.qt6.693.win64_msvc2022_64/6.9.3-0-202509261208opengl32sw-64-mesa_11_2_2-signed_sha256.7z
2026-09-26 14:56:58,369 - aqt.helper - INFO - helper 9732 Redirected: ftp.jaist.ac.jp
2026-09-26 14:57:03,189 - aqt.installer - INFO - installer 9732 Finished installation of opengl32sw-64-mesa_11_2_2-signed_sha256.7z in 6.19984880
2026-09-26 14:57:04,020 - aqt.installer - INFO - installer 23820 Finished installation of qtbase-Windows-Windows_11_23H2-MSVC2022-Windows-Windows_11_23H2-X86_64.7z in 20.84124000
2026-09-26 14:57:38,292 - aqt.installer - INFO - installer 2608 Finished installation of qtdeclarative-Windows-Windows_11_23H2-MSVC2022-Windows-Windows_11_23H2-X86_64.7z in 55.10676540
2026-09-26 14:57:38,530 - aqt.updater - INFO - updater 21264 Patching C:\Qt\6.9.3\msvc2022_64\bin\qmake.exe
2026-09-26 14:57:38,538 - aqt.updater - INFO - updater 21264 Patching C:\Qt\6.9.3\msvc2022_64\lib\Qt6Concurrent.prl
2026-09-26 14:57:38,550 - aqt.updater - INFO - updater 21264 Patching C:\Qt\6.9.3\msvc2022_64\lib\Qt6Concurrentd.prl
2026-09-26 14:57:38,558 - aqt.updater - INFO - updater 21264 Patching C:\Qt\6.9.3\msvc2022_64\lib\Qt6Core.prl
2026-09-26 14:57:38,569 - aqt.updater - INFO - updater 21264 Patching C:\Qt\6.9.3\msvc2022_64\lib\Qt6Cored.prl
2026-09-26 14:57:38,577 - aqt.updater - INFO - updater 21264 Patching C:\Qt\6.9.3\msvc2022_64\lib\Qt6DBus.prl
2026-09-26 14:57:38,587 - aqt.updater - INFO - updater 21264 Patching C:\Qt\6.9.3\msvc2022_64\lib\Qt6DBusd.prl
2026-09-26 14:57:38,597 - aqt.updater - INFO - updater 21264 Patching C:\Qt\6.9.3\msvc2022_64\lib\Qt6Designer.prl
2026-09-26 14:57:38,604 - aqt.updater - INFO - updater 21264 Patching C:\Qt\6.9.3\msvc2022_64\lib\Qt6DesignerComponents.prl
2026-09-26 14:57:38,614 - aqt.updater - INFO - updater 21264 Patching C:\Qt\6.9.3\msvc2022_64\lib\Qt6DesignerComponentsd.prl
2026-09-26 14:57:38,623 - aqt.updater - INFO - updater 21264 Patching C:\Qt\6.9.3\msvc2022_64\lib\Qt6Designerd.prl
2026-09-26 14:57:38,632 - aqt.updater - INFO - updater 21264 Patching C:\Qt\6.9.3\msvc2022_64\lib\Qt6DeviceDiscoverySupport.prl
2026-09-26 14:57:38,640 - aqt.updater - INFO - updater 21264 Patching C:\Qt\6.9.3\msvc2022_64\lib\Qt6DeviceDiscoverySupportd.prl
2026-09-26 14:57:38,649 - aqt.updater - INFO - updater 21264 Patching C:\Qt\6.9.3\msvc2022_64\lib\Qt6EntryPoint.prl
2026-09-26 14:57:38,658 - aqt.updater - INFO - updater 21264 Patching C:\Qt\6.9.3\msvc2022_64\lib\Qt6EntryPointd.prl
2026-09-26 14:57:38,670 - aqt.updater - INFO - updater 21264 Patching C:\Qt\6.9.3\msvc2022_64\lib\Qt6ExampleIcons.prl
2026-09-26 14:57:38,678 - aqt.updater - INFO - updater 21264 Patching C:\Qt\6.9.3\msvc2022_64\lib\Qt6ExampleIconsd.prl
2026-09-26 14:57:38,690 - aqt.updater - INFO - updater 21264 Patching C:\Qt\6.9.3\msvc2022_64\lib\Qt6ExamplesAssetDownloader.prl
2026-09-26 14:57:38,701 - aqt.updater - INFO - updater 21264 Patching C:\Qt\6.9.3\msvc2022_64\lib\Qt6ExamplesAssetDownloaderd.prl
2026-09-26 14:57:38,710 - aqt.updater - INFO - updater 21264 Patching C:\Qt\6.9.3\msvc2022_64\lib\Qt6FbSupport.prl
2026-09-26 14:57:38,723 - aqt.updater - INFO - updater 21264 Patching C:\Qt\6.9.3\msvc2022_64\lib\Qt6FbSupportd.prl
2026-09-26 14:57:38,733 - aqt.updater - INFO - updater 21264 Patching C:\Qt\6.9.3\msvc2022_64\lib\Qt6Gui.prl
2026-09-26 14:57:38,745 - aqt.updater - INFO - updater 21264 Patching C:\Qt\6.9.3\msvc2022_64\lib\Qt6Guid.prl
2026-09-26 14:57:38,755 - aqt.updater - INFO - updater 21264 Patching C:\Qt\6.9.3\msvc2022_64\lib\Qt6Help.prl
2026-09-26 14:57:38,765 - aqt.updater - INFO - updater 21264 Patching C:\Qt\6.9.3\msvc2022_64\lib\Qt6Helpd.prl
2026-09-26 14:57:38,773 - aqt.updater - INFO - updater 21264 Patching C:\Qt\6.9.3\msvc2022_64\lib\Qt6LabsAnimation.prl
2026-09-26 14:57:38,783 - aqt.updater - INFO - updater 21264 Patching C:\Qt\6.9.3\msvc2022_64\lib\Qt6LabsAnimationd.prl
2026-09-26 14:57:38,793 - aqt.updater - INFO - updater 21264 Patching C:\Qt\6.9.3\msvc2022_64\lib\Qt6LabsFolderListModel.prl
2026-09-26 14:57:38,805 - aqt.updater - INFO - updater 21264 Patching C:\Qt\6.9.3\msvc2022_64\lib\Qt6LabsFolderListModeld.prl
2026-09-26 14:57:38,816 - aqt.updater - INFO - updater 21264 Patching C:\Qt\6.9.3\msvc2022_64\lib\Qt6LabsPlatform.prl
2026-09-26 14:57:38,823 - aqt.updater - INFO - updater 21264 Patching C:\Qt\6.9.3\msvc2022_64\lib\Qt6LabsPlatformd.prl
2026-09-26 14:57:38,831 - aqt.updater - INFO - updater 21264 Patching C:\Qt\6.9.3\msvc2022_64\lib\Qt6LabsQmlModels.prl
2026-09-26 14:57:38,842 - aqt.updater - INFO - updater 21264 Patching C:\Qt\6.9.3\msvc2022_64\lib\Qt6LabsQmlModelsd.prl
2026-09-26 14:57:38,852 - aqt.updater - INFO - updater 21264 Patching C:\Qt\6.9.3\msvc2022_64\lib\Qt6LabsSettings.prl
2026-09-26 14:57:38,862 - aqt.updater - INFO - updater 21264 Patching C:\Qt\6.9.3\msvc2022_64\lib\Qt6LabsSettingsd.prl
2026-09-26 14:57:38,874 - aqt.updater - INFO - updater 21264 Patching C:\Qt\6.9.3\msvc2022_64\lib\Qt6LabsSharedImage.prl
2026-09-26 14:57:38,885 - aqt.updater - INFO - updater 21264 Patching C:\Qt\6.9.3\msvc2022_64\lib\Qt6LabsSharedImaged.prl
2026-09-26 14:57:38,893 - aqt.updater - INFO - updater 21264 Patching C:\Qt\6.9.3\msvc2022_64\lib\Qt6LabsWavefrontMesh.prl
2026-09-26 14:57:38,901 - aqt.updater - INFO - updater 21264 Patching C:\Qt\6.9.3\msvc2022_64\lib\Qt6LabsWavefrontMeshd.prl
2026-09-26 14:57:38,910 - aqt.updater - INFO - updater 21264 Patching C:\Qt\6.9.3\msvc2022_64\lib\Qt6Network.prl
2026-09-26 14:57:38,922 - aqt.updater - INFO - updater 21264 Patching C:\Qt\6.9.3\msvc2022_64\lib\Qt6Networkd.prl
2026-09-26 14:57:38,933 - aqt.updater - INFO - updater 21264 Patching C:\Qt\6.9.3\msvc2022_64\lib\Qt6OpenGL.prl
2026-09-26 14:57:38,941 - aqt.updater - INFO - updater 21264 Patching C:\Qt\6.9.3\msvc2022_64\lib\Qt6OpenGLd.prl
2026-09-26 14:57:38,949 - aqt.updater - INFO - updater 21264 Patching C:\Qt\6.9.3\msvc2022_64\lib\Qt6OpenGLWidgets.prl
2026-09-26 14:57:38,960 - aqt.updater - INFO - updater 21264 Patching C:\Qt\6.9.3\msvc2022_64\lib\Qt6OpenGLWidgetsd.prl
2026-09-26 14:57:38,969 - aqt.updater - INFO - updater 21264 Patching C:\Qt\6.9.3\msvc2022_64\lib\Qt6PacketProtocol.prl
2026-09-26 14:57:38,978 - aqt.updater - INFO - updater 21264 Patching C:\Qt\6.9.3\msvc2022_64\lib\Qt6PacketProtocold.prl
2026-09-26 14:57:38,987 - aqt.updater - INFO - updater 21264 Patching C:\Qt\6.9.3\msvc2022_64\lib\Qt6PrintSupport.prl
2026-09-26 14:57:38,998 - aqt.updater - INFO - updater 21264 Patching C:\Qt\6.9.3\msvc2022_64\lib\Qt6PrintSupportd.prl
2026-09-26 14:57:39,008 - aqt.updater - INFO - updater 21264 Patching C:\Qt\6.9.3\msvc2022_64\lib\Qt6Qml.prl
2026-09-26 14:57:39,016 - aqt.updater - INFO - updater 21264 Patching C:\Qt\6.9.3\msvc2022_64\lib\Qt6QmlAssetDownloader.prl
2026-09-26 14:57:39,026 - aqt.updater - INFO - updater 21264 Patching C:\Qt\6.9.3\msvc2022_64\lib\Qt6QmlAssetDownloaderd.prl
2026-09-26 14:57:39,037 - aqt.updater - INFO - updater 21264 Patching C:\Qt\6.9.3\msvc2022_64\lib\Qt6QmlCompiler.prl
2026-09-26 14:57:39,046 - aqt.updater - INFO - updater 21264 Patching C:\Qt\6.9.3\msvc2022_64\lib\Qt6QmlCompilerd.prl
2026-09-26 14:57:39,056 - aqt.updater - INFO - updater 21264 Patching C:\Qt\6.9.3\msvc2022_64\lib\Qt6QmlCore.prl
2026-09-26 14:57:39,068 - aqt.updater - INFO - updater 21264 Patching C:\Qt\6.9.3\msvc2022_64\lib\Qt6QmlCored.prl
2026-09-26 14:57:39,076 - aqt.updater - INFO - updater 21264 Patching C:\Qt\6.9.3\msvc2022_64\lib\Qt6Qmld.prl
2026-09-26 14:57:39,087 - aqt.updater - INFO - updater 21264 Patching C:\Qt\6.9.3\msvc2022_64\lib\Qt6QmlDebug.prl
2026-09-26 14:57:39,097 - aqt.updater - INFO - updater 21264 Patching C:\Qt\6.9.3\msvc2022_64\lib\Qt6QmlDebugd.prl
2026-09-26 14:57:39,109 - aqt.updater - INFO - updater 21264 Patching C:\Qt\6.9.3\msvc2022_64\lib\Qt6QmlDom.prl
2026-09-26 14:57:39,121 - aqt.updater - INFO - updater 21264 Patching C:\Qt\6.9.3\msvc2022_64\lib\Qt6QmlDomd.prl
2026-09-26 14:57:39,133 - aqt.updater - INFO - updater 21264 Patching C:\Qt\6.9.3\msvc2022_64\lib\Qt6QmlFormat.prl
2026-09-26 14:57:39,147 - aqt.updater - INFO - updater 21264 Patching C:\Qt\6.9.3\msvc2022_64\lib\Qt6QmlFormatd.prl
2026-09-26 14:57:39,157 - aqt.updater - INFO - updater 21264 Patching C:\Qt\6.9.3\msvc2022_64\lib\Qt6QmlLocalStorage.prl
2026-09-26 14:57:39,166 - aqt.updater - INFO - updater 21264 Patching C:\Qt\6.9.3\msvc2022_64\lib\Qt6QmlLocalStoraged.prl
2026-09-26 14:57:39,176 - aqt.updater - INFO - updater 21264 Patching C:\Qt\6.9.3\msvc2022_64\lib\Qt6QmlLS.prl
2026-09-26 14:57:39,187 - aqt.updater - INFO - updater 21264 Patching C:\Qt\6.9.3\msvc2022_64\lib\Qt6QmlLSd.prl
2026-09-26 14:57:39,197 - aqt.updater - INFO - updater 21264 Patching C:\Qt\6.9.3\msvc2022_64\lib\Qt6QmlMeta.prl
2026-09-26 14:57:39,207 - aqt.updater - INFO - updater 21264 Patching C:\Qt\6.9.3\msvc2022_64\lib\Qt6QmlMetad.prl
2026-09-26 14:57:39,219 - aqt.updater - INFO - updater 21264 Patching C:\Qt\6.9.3\msvc2022_64\lib\Qt6QmlModels.prl
2026-09-26 14:57:39,226 - aqt.updater - INFO - updater 21264 Patching C:\Qt\6.9.3\msvc2022_64\lib\Qt6QmlModelsd.prl
2026-09-26 14:57:39,234 - aqt.updater - INFO - updater 21264 Patching C:\Qt\6.9.3\msvc2022_64\lib\Qt6QmlNetwork.prl
2026-09-26 14:57:39,244 - aqt.updater - INFO - updater 21264 Patching C:\Qt\6.9.3\msvc2022_64\lib\Qt6QmlNetworkd.prl
2026-09-26 14:57:39,254 - aqt.updater - INFO - updater 21264 Patching C:\Qt\6.9.3\msvc2022_64\lib\Qt6QmlToolingSettings.prl
2026-09-26 14:57:39,265 - aqt.updater - INFO - updater 21264 Patching C:\Qt\6.9.3\msvc2022_64\lib\Qt6QmlToolingSettingsd.prl
2026-09-26 14:57:39,275 - aqt.updater - INFO - updater 21264 Patching C:\Qt\6.9.3\msvc2022_64\lib\Qt6QmlTypeRegistrar.prl
2026-09-26 14:57:39,285 - aqt.updater - INFO - updater 21264 Patching C:\Qt\6.9.3\msvc2022_64\lib\Qt6QmlTypeRegistrard.prl
2026-09-26 14:57:39,296 - aqt.updater - INFO - updater 21264 Patching C:\Qt\6.9.3\msvc2022_64\lib\Qt6QmlWorkerScript.prl
2026-09-26 14:57:39,306 - aqt.updater - INFO - updater 21264 Patching C:\Qt\6.9.3\msvc2022_64\lib\Qt6QmlWorkerScriptd.prl
2026-09-26 14:57:39,315 - aqt.updater - INFO - updater 21264 Patching C:\Qt\6.9.3\msvc2022_64\lib\Qt6QmlXmlListModel.prl
2026-09-26 14:57:39,324 - aqt.updater - INFO - updater 21264 Patching C:\Qt\6.9.3\msvc2022_64\lib\Qt6QmlXmlListModeld.prl
2026-09-26 14:57:39,334 - aqt.updater - INFO - updater 21264 Patching C:\Qt\6.9.3\msvc2022_64\lib\Qt6Quick.prl
2026-09-26 14:57:39,342 - aqt.updater - INFO - updater 21264 Patching C:\Qt\6.9.3\msvc2022_64\lib\Qt6QuickControls2.prl
2026-09-26 14:57:39,353 - aqt.updater - INFO - updater 21264 Patching C:\Qt\6.9.3\msvc2022_64\lib\Qt6QuickControls2Basic.prl
2026-09-26 14:57:39,361 - aqt.updater - INFO - updater 21264 Patching C:\Qt\6.9.3\msvc2022_64\lib\Qt6QuickControls2Basicd.prl
2026-09-26 14:57:39,370 - aqt.updater - INFO - updater 21264 Patching C:\Qt\6.9.3\msvc2022_64\lib\Qt6QuickControls2BasicStyleImpl.prl
2026-09-26 14:57:39,380 - aqt.updater - INFO - updater 21264 Patching C:\Qt\6.9.3\msvc2022_64\lib\Qt6QuickControls2BasicStyleImpld.prl
2026-09-26 14:57:39,388 - aqt.updater - INFO - updater 21264 Patching C:\Qt\6.9.3\msvc2022_64\lib\Qt6QuickControls2d.prl
2026-09-26 14:57:39,398 - aqt.updater - INFO - updater 21264 Patching C:\Qt\6.9.3\msvc2022_64\lib\Qt6QuickControls2FluentWinUI3StyleImpl.prl
2026-09-26 14:57:39,405 - aqt.updater - INFO - updater 21264 Patching C:\Qt\6.9.3\msvc2022_64\lib\Qt6QuickControls2FluentWinUI3StyleImpld.prl
2026-09-26 14:57:39,413 - aqt.updater - INFO - updater 21264 Patching C:\Qt\6.9.3\msvc2022_64\lib\Qt6QuickControls2Fusion.prl
2026-09-26 14:57:39,420 - aqt.updater - INFO - updater 21264 Patching C:\Qt\6.9.3\msvc2022_64\lib\Qt6QuickControls2Fusiond.prl
2026-09-26 14:57:39,431 - aqt.updater - INFO - updater 21264 Patching C:\Qt\6.9.3\msvc2022_64\lib\Qt6QuickControls2FusionStyleImpl.prl
2026-09-26 14:57:39,441 - aqt.updater - INFO - updater 21264 Patching C:\Qt\6.9.3\msvc2022_64\lib\Qt6QuickControls2FusionStyleImpld.prl
2026-09-26 14:57:39,452 - aqt.updater - INFO - updater 21264 Patching C:\Qt\6.9.3\msvc2022_64\lib\Qt6QuickControls2Imagine.prl
2026-09-26 14:57:39,460 - aqt.updater - INFO - updater 21264 Patching C:\Qt\6.9.3\msvc2022_64\lib\Qt6QuickControls2Imagined.prl
2026-09-26 14:57:39,472 - aqt.updater - INFO - updater 21264 Patching C:\Qt\6.9.3\msvc2022_64\lib\Qt6QuickControls2ImagineStyleImpl.prl
2026-09-26 14:57:39,483 - aqt.updater - INFO - updater 21264 Patching C:\Qt\6.9.3\msvc2022_64\lib\Qt6QuickControls2ImagineStyleImpld.prl
2026-09-26 14:57:39,491 - aqt.updater - INFO - updater 21264 Patching C:\Qt\6.9.3\msvc2022_64\lib\Qt6QuickControls2Impl.prl
2026-09-26 14:57:39,502 - aqt.updater - INFO - updater 21264 Patching C:\Qt\6.9.3\msvc2022_64\lib\Qt6QuickControls2Impld.prl
2026-09-26 14:57:39,510 - aqt.updater - INFO - updater 21264 Patching C:\Qt\6.9.3\msvc2022_64\lib\Qt6QuickControls2Material.prl
2026-09-26 14:57:39,521 - aqt.updater - INFO - updater 21264 Patching C:\Qt\6.9.3\msvc2022_64\lib\Qt6QuickControls2Materiald.prl
2026-09-26 14:57:39,534 - aqt.updater - INFO - updater 21264 Patching C:\Qt\6.9.3\msvc2022_64\lib\Qt6QuickControls2MaterialStyleImpl.prl
2026-09-26 14:57:39,543 - aqt.updater - INFO - updater 21264 Patching C:\Qt\6.9.3\msvc2022_64\lib\Qt6QuickControls2MaterialStyleImpld.prl
2026-09-26 14:57:39,551 - aqt.updater - INFO - updater 21264 Patching C:\Qt\6.9.3\msvc2022_64\lib\Qt6QuickControls2Universal.prl
2026-09-26 14:57:39,563 - aqt.updater - INFO - updater 21264 Patching C:\Qt\6.9.3\msvc2022_64\lib\Qt6QuickControls2Universald.prl
2026-09-26 14:57:39,573 - aqt.updater - INFO - updater 21264 Patching C:\Qt\6.9.3\msvc2022_64\lib\Qt6QuickControls2UniversalStyleImpl.prl
2026-09-26 14:57:39,582 - aqt.updater - INFO - updater 21264 Patching C:\Qt\6.9.3\msvc2022_64\lib\Qt6QuickControls2UniversalStyleImpld.prl
2026-09-26 14:57:39,592 - aqt.updater - INFO - updater 21264 Patching C:\Qt\6.9.3\msvc2022_64\lib\Qt6QuickControls2WindowsStyleImpl.prl
2026-09-26 14:57:39,603 - aqt.updater - INFO - updater 21264 Patching C:\Qt\6.9.3\msvc2022_64\lib\Qt6QuickControls2WindowsStyleImpld.prl
2026-09-26 14:57:39,614 - aqt.updater - INFO - updater 21264 Patching C:\Qt\6.9.3\msvc2022_64\lib\Qt6QuickControlsTestUtils.prl
2026-09-26 14:57:39,624 - aqt.updater - INFO - updater 21264 Patching C:\Qt\6.9.3\msvc2022_64\lib\Qt6QuickControlsTestUtilsd.prl
2026-09-26 14:57:39,633 - aqt.updater - INFO - updater 21264 Patching C:\Qt\6.9.3\msvc2022_64\lib\Qt6Quickd.prl
2026-09-26 14:57:39,641 - aqt.updater - INFO - updater 21264 Patching C:\Qt\6.9.3\msvc2022_64\lib\Qt6QuickDialogs2.prl
2026-09-26 14:57:39,650 - aqt.updater - INFO - updater 21264 Patching C:\Qt\6.9.3\msvc2022_64\lib\Qt6QuickDialogs2d.prl
2026-09-26 14:57:39,658 - aqt.updater - INFO - updater 21264 Patching C:\Qt\6.9.3\msvc2022_64\lib\Qt6QuickDialogs2QuickImpl.prl
2026-09-26 14:57:39,668 - aqt.updater - INFO - updater 21264 Patching C:\Qt\6.9.3\msvc2022_64\lib\Qt6QuickDialogs2QuickImpld.prl
2026-09-26 14:57:39,677 - aqt.updater - INFO - updater 21264 Patching C:\Qt\6.9.3\msvc2022_64\lib\Qt6QuickDialogs2Utils.prl
2026-09-26 14:57:39,689 - aqt.updater - INFO - updater 21264 Patching C:\Qt\6.9.3\msvc2022_64\lib\Qt6QuickDialogs2Utilsd.prl
2026-09-26 14:57:39,701 - aqt.updater - INFO - updater 21264 Patching C:\Qt\6.9.3\msvc2022_64\lib\Qt6QuickEffects.prl
2026-09-26 14:57:39,710 - aqt.updater - INFO - updater 21264 Patching C:\Qt\6.9.3\msvc2022_64\lib\Qt6QuickEffectsd.prl
2026-09-26 14:57:39,718 - aqt.updater - INFO - updater 21264 Patching C:\Qt\6.9.3\msvc2022_64\lib\Qt6QuickLayouts.prl
2026-09-26 14:57:39,728 - aqt.updater - INFO - updater 21264 Patching C:\Qt\6.9.3\msvc2022_64\lib\Qt6QuickLayoutsd.prl
2026-09-26 14:57:39,739 - aqt.updater - INFO - updater 21264 Patching C:\Qt\6.9.3\msvc2022_64\lib\Qt6QuickParticles.prl
2026-09-26 14:57:39,748 - aqt.updater - INFO - updater 21264 Patching C:\Qt\6.9.3\msvc2022_64\lib\Qt6QuickParticlesd.prl
2026-09-26 14:57:39,758 - aqt.updater - INFO - updater 21264 Patching C:\Qt\6.9.3\msvc2022_64\lib\Qt6QuickShapes.prl
2026-09-26 14:57:39,769 - aqt.updater - INFO - updater 21264 Patching C:\Qt\6.9.3\msvc2022_64\lib\Qt6QuickShapesd.prl
2026-09-26 14:57:39,778 - aqt.updater - INFO - updater 21264 Patching C:\Qt\6.9.3\msvc2022_64\lib\Qt6QuickTemplates2.prl
2026-09-26 14:57:39,788 - aqt.updater - INFO - updater 21264 Patching C:\Qt\6.9.3\msvc2022_64\lib\Qt6QuickTemplates2d.prl
2026-09-26 14:57:39,798 - aqt.updater - INFO - updater 21264 Patching C:\Qt\6.9.3\msvc2022_64\lib\Qt6QuickTest.prl
2026-09-26 14:57:39,810 - aqt.updater - INFO - updater 21264 Patching C:\Qt\6.9.3\msvc2022_64\lib\Qt6QuickTestd.prl
2026-09-26 14:57:39,818 - aqt.updater - INFO - updater 21264 Patching C:\Qt\6.9.3\msvc2022_64\lib\Qt6QuickTestUtils.prl
2026-09-26 14:57:39,826 - aqt.updater - INFO - updater 21264 Patching C:\Qt\6.9.3\msvc2022_64\lib\Qt6QuickTestUtilsd.prl
2026-09-26 14:57:39,839 - aqt.updater - INFO - updater 21264 Patching C:\Qt\6.9.3\msvc2022_64\lib\Qt6QuickVectorImage.prl
2026-09-26 14:57:39,848 - aqt.updater - INFO - updater 21264 Patching C:\Qt\6.9.3\msvc2022_64\lib\Qt6QuickVectorImaged.prl
2026-09-26 14:57:39,859 - aqt.updater - INFO - updater 21264 Patching C:\Qt\6.9.3\msvc2022_64\lib\Qt6QuickVectorImageGenerator.prl
2026-09-26 14:57:39,869 - aqt.updater - INFO - updater 21264 Patching C:\Qt\6.9.3\msvc2022_64\lib\Qt6QuickVectorImageGeneratord.prl
2026-09-26 14:57:39,879 - aqt.updater - INFO - updater 21264 Patching C:\Qt\6.9.3\msvc2022_64\lib\Qt6QuickWidgets.prl
2026-09-26 14:57:39,889 - aqt.updater - INFO - updater 21264 Patching C:\Qt\6.9.3\msvc2022_64\lib\Qt6QuickWidgetsd.prl
2026-09-26 14:57:39,897 - aqt.updater - INFO - updater 21264 Patching C:\Qt\6.9.3\msvc2022_64\lib\Qt6Sql.prl
2026-09-26 14:57:39,907 - aqt.updater - INFO - updater 21264 Patching C:\Qt\6.9.3\msvc2022_64\lib\Qt6Sqld.prl
2026-09-26 14:57:39,918 - aqt.updater - INFO - updater 21264 Patching C:\Qt\6.9.3\msvc2022_64\lib\Qt6Svg.prl
2026-09-26 14:57:39,926 - aqt.updater - INFO - updater 21264 Patching C:\Qt\6.9.3\msvc2022_64\lib\Qt6Svgd.prl
2026-09-26 14:57:39,937 - aqt.updater - INFO - updater 21264 Patching C:\Qt\6.9.3\msvc2022_64\lib\Qt6SvgWidgets.prl
2026-09-26 14:57:39,947 - aqt.updater - INFO - updater 21264 Patching C:\Qt\6.9.3\msvc2022_64\lib\Qt6SvgWidgetsd.prl
2026-09-26 14:57:39,956 - aqt.updater - INFO - updater 21264 Patching C:\Qt\6.9.3\msvc2022_64\lib\Qt6Test.prl
2026-09-26 14:57:39,967 - aqt.updater - INFO - updater 21264 Patching C:\Qt\6.9.3\msvc2022_64\lib\Qt6Testd.prl
2026-09-26 14:57:39,977 - aqt.updater - INFO - updater 21264 Patching C:\Qt\6.9.3\msvc2022_64\lib\Qt6UiTools.prl
2026-09-26 14:57:39,989 - aqt.updater - INFO - updater 21264 Patching C:\Qt\6.9.3\msvc2022_64\lib\Qt6UiToolsd.prl
2026-09-26 14:57:40,000 - aqt.updater - INFO - updater 21264 Patching C:\Qt\6.9.3\msvc2022_64\lib\Qt6Widgets.prl
2026-09-26 14:57:40,007 - aqt.updater - INFO - updater 21264 Patching C:\Qt\6.9.3\msvc2022_64\lib\Qt6Widgetsd.prl
2026-09-26 14:57:40,015 - aqt.updater - INFO - updater 21264 Patching C:\Qt\6.9.3\msvc2022_64\lib\Qt6Xml.prl
2026-09-26 14:57:40,024 - aqt.updater - INFO - updater 21264 Patching C:\Qt\6.9.3\msvc2022_64\lib\Qt6Xmld.prl
2026-09-26 14:57:40,032 - aqt.main - INFO - installer 21264 Finished installation
2026-09-26 14:57:40,032 - aqt.main - INFO - installer 21264 Time elapsed: 62.57306950 second
2026-09-26 14:57:48,138 - aqt.main - INFO - installer 21048 aqtinstall(aqt) v3.3.0 on Python 3.14.6 [CPython MSC v.1944 64 bit (AMD64)]
2026-09-26 14:57:49,290 - aqt.installer - INFO - installer 21048 Resolved spec '6.9' to 6.9.3
2026-09-26 14:57:49,290 - aqt.helper - DEBUG - helper 21048 Attempt to download checksum at https://download.qt.io/online/qtsdkrepository/windows_x86/desktop/qt6_693/qt6_693/Updates.xml.sha256
2026-09-26 14:57:51,115 - aqt.helper - DEBUG - helper 21048 Attempt to download checksum at https://download.qt.io/online/qtsdkrepository/windows_x86/extensions/qtwebengine/693/msvc2022_64/Updates.xml.sha256
2026-09-26 14:57:52,654 - aqt.archives - INFO - archives 21048 Found extension qtwebengine
2026-09-26 14:57:52,654 - aqt.helper - DEBUG - helper 21048 Attempt to download checksum at https://download.qt.io/online/qtsdkrepository/windows_x86/extensions/qtpdf/693/msvc2022_64/Updates.xml.sha256
2026-09-26 14:57:54,012 - aqt.archives - INFO - archives 21048 Found extension qtpdf
2026-09-26 14:57:54,479 - aqt.helper - DEBUG - helper 10324 Attempt to download checksum at https://download.qt.io/online/qtsdkrepository/windows_x86/desktop/qt6_693/qt6_693/qt.qt6.693.win64_msvc2022_64/6.9.3-0-202509261208qtbase-Windows-Windows_11_23H2-MSVC2022-Windows-Windows_11_23H2-X86_64.7z.sha256
2026-09-26 14:57:54,484 - aqt.helper - DEBUG - helper 21900 Attempt to download checksum at https://download.qt.io/online/qtsdkrepository/windows_x86/desktop/qt6_693/qt6_693/qt.qt6.693.win64_msvc2022_64/6.9.3-0-202509261208qtsvg-Windows-Windows_11_23H2-MSVC2022-Windows-Windows_11_23H2-X86_64.7z.sha256
2026-09-26 14:57:54,490 - aqt.helper - DEBUG - helper 15820 Attempt to download checksum at https://download.qt.io/online/qtsdkrepository/windows_x86/desktop/qt6_693/qt6_693/qt.qt6.693.win64_msvc2022_64/6.9.3-0-202509261208qtdeclarative-Windows-Windows_11_23H2-MSVC2022-Windows-Windows_11_23H2-X86_64.7z.sha256
2026-09-26 14:57:54,496 - aqt.helper - DEBUG - helper 31708 Attempt to download checksum at https://download.qt.io/online/qtsdkrepository/windows_x86/desktop/qt6_693/qt6_693/qt.qt6.693.win64_msvc2022_64/6.9.3-0-202509261208qttools-Windows-Windows_11_23H2-MSVC2022-Windows-Windows_11_23H2-X86_64.7z.sha256
2026-09-26 14:57:55,297 - aqt.helper - INFO - helper 31708 Downloading qttools...
2026-09-26 14:57:55,297 - aqt.helper - INFO - helper 15820 Downloading qtdeclarative...
2026-09-26 14:57:55,297 - aqt.helper - INFO - helper 21900 Downloading qtsvg...
2026-09-26 14:57:55,297 - aqt.helper - INFO - helper 10324 Downloading qtbase...
2026-09-26 14:57:55,297 - aqt.installer - DEBUG - installer 31708 Download URL: https://download.qt.io/online/qtsdkrepository/windows_x86/desktop/qt6_693/qt6_693/qt.qt6.693.win64_msvc2022_64/6.9.3-0-202509261208qttools-Windows-Windows_11_23H2-MSVC2022-Windows-Windows_11_23H2-X86_64.7z
2026-09-26 14:57:55,298 - aqt.installer - DEBUG - installer 10324 Download URL: https://download.qt.io/online/qtsdkrepository/windows_x86/desktop/qt6_693/qt6_693/qt.qt6.693.win64_msvc2022_64/6.9.3-0-202509261208qtbase-Windows-Windows_11_23H2-MSVC2022-Windows-Windows_11_23H2-X86_64.7z
2026-09-26 14:57:55,297 - aqt.installer - DEBUG - installer 15820 Download URL: https://download.qt.io/online/qtsdkrepository/windows_x86/desktop/qt6_693/qt6_693/qt.qt6.693.win64_msvc2022_64/6.9.3-0-202509261208qtdeclarative-Windows-Windows_11_23H2-MSVC2022-Windows-Windows_11_23H2-X86_64.7z
2026-09-26 14:57:55,297 - aqt.installer - DEBUG - installer 21900 Download URL: https://download.qt.io/online/qtsdkrepository/windows_x86/desktop/qt6_693/qt6_693/qt.qt6.693.win64_msvc2022_64/6.9.3-0-202509261208qtsvg-Windows-Windows_11_23H2-MSVC2022-Windows-Windows_11_23H2-X86_64.7z
2026-09-26 14:57:56,111 - aqt.helper - DEBUG - helper 15820 Asked to redirect(302) to: https://ftp.jaist.ac.jp/pub/qtproject/online/qtsdkrepository/windows_x86/desktop/qt6_693/qt6_693/qt.qt6.693.win64_msvc2022_64/6.9.3-0-202509261208qtdeclarative-Windows-Windows_11_23H2-MSVC2022-Windows-Windows_11_23H2-X86_64.7z
2026-09-26 14:57:56,111 - aqt.helper - INFO - helper 31708 Redirected: ftp.jaist.ac.jp
2026-09-26 14:57:56,111 - aqt.helper - INFO - helper 21900 Redirected: ftp.jaist.ac.jp
2026-09-26 14:57:56,111 - aqt.helper - INFO - helper 15820 Redirected: ftp.jaist.ac.jp
2026-09-26 14:57:56,143 - aqt.helper - DEBUG - helper 10324 Asked to redirect(302) to: https://ftp.jaist.ac.jp/pub/qtproject/online/qtsdkrepository/windows_x86/desktop/qt6_693/qt6_693/qt.qt6.693.win64_msvc2022_64/6.9.3-0-202509261208qtbase-Windows-Windows_11_23H2-MSVC2022-Windows-Windows_11_23H2-X86_64.7z
2026-09-26 14:57:56,144 - aqt.helper - INFO - helper 10324 Redirected: ftp.jaist.ac.jp
2026-09-26 14:57:58,947 - aqt.installer - INFO - installer 21900 Finished installation of qtsvg-Windows-Windows_11_23H2-MSVC2022-Windows-Windows_11_23H2-X86_64.7z in 4.46459880
2026-09-26 14:57:58,956 - aqt.helper - DEBUG - helper 21900 Attempt to download checksum at https://download.qt.io/online/qtsdkrepository/windows_x86/desktop/qt6_693/qt6_693/qt.qt6.693.win64_msvc2022_64/6.9.3-0-202509261208qttranslations-Windows-Windows_11_23H2-MSVC2022-Windows-Windows_11_23H2-X86_64.7z.sha256
2026-09-26 14:57:59,639 - aqt.helper - INFO - helper 21900 Downloading qttranslations...
2026-09-26 14:57:59,640 - aqt.installer - DEBUG - installer 21900 Download URL: https://download.qt.io/online/qtsdkrepository/windows_x86/desktop/qt6_693/qt6_693/qt.qt6.693.win64_msvc2022_64/6.9.3-0-202509261208qttranslations-Windows-Windows_11_23H2-MSVC2022-Windows-Windows_11_23H2-X86_64.7z
2026-09-26 14:58:00,293 - aqt.helper - DEBUG - helper 21900 Asked to redirect(302) to: https://ftp.jaist.ac.jp/pub/qtproject/online/qtsdkrepository/windows_x86/desktop/qt6_693/qt6_693/qt.qt6.693.win64_msvc2022_64/6.9.3-0-202509261208qttranslations-Windows-Windows_11_23H2-MSVC2022-Windows-Windows_11_23H2-X86_64.7z
2026-09-26 14:58:00,293 - aqt.helper - INFO - helper 21900 Redirected: ftp.jaist.ac.jp
2026-09-26 14:58:05,132 - aqt.installer - INFO - installer 21900 Finished installation of qttranslations-Windows-Windows_11_23H2-MSVC2022-Windows-Windows_11_23H2-X86_64.7z in 6.17713840
2026-09-26 14:58:05,145 - aqt.helper - DEBUG - helper 21900 Attempt to download checksum at https://download.qt.io/online/qtsdkrepository/windows_x86/desktop/qt6_693/qt6_693/qt.qt6.693.win64_msvc2022_64/6.9.3-0-202509261208d3dcompiler_47-x64.7z.sha256
2026-09-26 14:58:05,524 - aqt.installer - INFO - installer 31708 Finished installation of qttools-Windows-Windows_11_23H2-MSVC2022-Windows-Windows_11_23H2-X86_64.7z in 11.02919400
2026-09-26 14:58:05,535 - aqt.helper - DEBUG - helper 31708 Attempt to download checksum at https://download.qt.io/online/qtsdkrepository/windows_x86/desktop/qt6_693/qt6_693/qt.qt6.693.win64_msvc2022_64/6.9.3-0-202509261208opengl32sw-64-mesa_11_2_2-signed_sha256.7z.sha256
2026-09-26 14:58:05,830 - aqt.helper - INFO - helper 21900 Downloading d3dcompiler_47...
2026-09-26 14:58:05,830 - aqt.installer - DEBUG - installer 21900 Download URL: https://download.qt.io/online/qtsdkrepository/windows_x86/desktop/qt6_693/qt6_693/qt.qt6.693.win64_msvc2022_64/6.9.3-0-202509261208d3dcompiler_47-x64.7z
2026-09-26 14:58:06,493 - aqt.helper - DEBUG - helper 21900 Asked to redirect(302) to: https://ftp.jaist.ac.jp/pub/qtproject/online/qtsdkrepository/windows_x86/desktop/qt6_693/qt6_693/qt.qt6.693.win64_msvc2022_64/6.9.3-0-202509261208d3dcompiler_47-x64.7z
2026-09-26 14:58:06,493 - aqt.helper - INFO - helper 21900 Redirected: ftp.jaist.ac.jp
2026-09-26 14:58:09,195 - aqt.installer - INFO - installer 21900 Finished installation of d3dcompiler_47-x64.7z in 4.05258780
2026-09-26 14:58:34,380 - aqt.installer - INFO - installer 15820 Finished installation of qtdeclarative-Windows-Windows_11_23H2-MSVC2022-Windows-Windows_11_23H2-X86_64.7z in 39.89260540
2026-09-26 14:58:35,520 - aqt.installer - INFO - installer 10324 Finished installation of qtbase-Windows-Windows_11_23H2-MSVC2022-Windows-Windows_11_23H2-X86_64.7z in 41.04306990
2026-09-26 14:58:36,967 - aqt.helper - INFO - helper 31708 Downloading opengl32sw...
2026-09-26 14:58:36,968 - aqt.installer - DEBUG - installer 31708 Download URL: https://download.qt.io/online/qtsdkrepository/windows_x86/desktop/qt6_693/qt6_693/qt.qt6.693.win64_msvc2022_64/6.9.3-0-202509261208opengl32sw-64-mesa_11_2_2-signed_sha256.7z
2026-09-26 14:58:37,752 - aqt.helper - DEBUG - helper 31708 Asked to redirect(302) to: https://ftp.jaist.ac.jp/pub/qtproject/online/qtsdkrepository/windows_x86/desktop/qt6_693/qt6_693/qt.qt6.693.win64_msvc2022_64/6.9.3-0-202509261208opengl32sw-64-mesa_11_2_2-signed_sha256.7z
2026-09-26 14:58:37,752 - aqt.helper - INFO - helper 31708 Redirected: ftp.jaist.ac.jp
2026-09-26 14:58:44,293 - aqt.installer - INFO - installer 31708 Finished installation of opengl32sw-64-mesa_11_2_2-signed_sha256.7z in 38.75873960
2026-09-26 14:58:44,453 - aqt.updater - INFO - updater 21048 Patching C:\Qt\6.9.3\msvc2022_64\bin\qmake.exe
2026-09-26 14:58:44,459 - aqt.updater - INFO - updater 21048 Patching C:\Qt\6.9.3\msvc2022_64\lib\Qt6Concurrent.prl
2026-09-26 14:58:44,461 - aqt.updater - INFO - updater 21048 Patching C:\Qt\6.9.3\msvc2022_64\lib\Qt6Concurrentd.prl
2026-09-26 14:58:44,462 - aqt.updater - INFO - updater 21048 Patching C:\Qt\6.9.3\msvc2022_64\lib\Qt6Core.prl
2026-09-26 14:58:44,463 - aqt.updater - INFO - updater 21048 Patching C:\Qt\6.9.3\msvc2022_64\lib\Qt6Cored.prl
2026-09-26 14:58:44,464 - aqt.updater - INFO - updater 21048 Patching C:\Qt\6.9.3\msvc2022_64\lib\Qt6DBus.prl
2026-09-26 14:58:44,466 - aqt.updater - INFO - updater 21048 Patching C:\Qt\6.9.3\msvc2022_64\lib\Qt6DBusd.prl
2026-09-26 14:58:44,467 - aqt.updater - INFO - updater 21048 Patching C:\Qt\6.9.3\msvc2022_64\lib\Qt6Designer.prl
2026-09-26 14:58:44,468 - aqt.updater - INFO - updater 21048 Patching C:\Qt\6.9.3\msvc2022_64\lib\Qt6DesignerComponents.prl
2026-09-26 14:58:44,469 - aqt.updater - INFO - updater 21048 Patching C:\Qt\6.9.3\msvc2022_64\lib\Qt6DesignerComponentsd.prl
2026-09-26 14:58:44,471 - aqt.updater - INFO - updater 21048 Patching C:\Qt\6.9.3\msvc2022_64\lib\Qt6Designerd.prl
2026-09-26 14:58:44,472 - aqt.updater - INFO - updater 21048 Patching C:\Qt\6.9.3\msvc2022_64\lib\Qt6DeviceDiscoverySupport.prl
2026-09-26 14:58:44,473 - aqt.updater - INFO - updater 21048 Patching C:\Qt\6.9.3\msvc2022_64\lib\Qt6DeviceDiscoverySupportd.prl
2026-09-26 14:58:44,474 - aqt.updater - INFO - updater 21048 Patching C:\Qt\6.9.3\msvc2022_64\lib\Qt6EntryPoint.prl
2026-09-26 14:58:44,475 - aqt.updater - INFO - updater 21048 Patching C:\Qt\6.9.3\msvc2022_64\lib\Qt6EntryPointd.prl
2026-09-26 14:58:44,476 - aqt.updater - INFO - updater 21048 Patching C:\Qt\6.9.3\msvc2022_64\lib\Qt6ExampleIcons.prl
2026-09-26 14:58:44,478 - aqt.updater - INFO - updater 21048 Patching C:\Qt\6.9.3\msvc2022_64\lib\Qt6ExampleIconsd.prl
2026-09-26 14:58:44,479 - aqt.updater - INFO - updater 21048 Patching C:\Qt\6.9.3\msvc2022_64\lib\Qt6ExamplesAssetDownloader.prl
2026-09-26 14:58:44,480 - aqt.updater - INFO - updater 21048 Patching C:\Qt\6.9.3\msvc2022_64\lib\Qt6ExamplesAssetDownloaderd.prl
2026-09-26 14:58:44,481 - aqt.updater - INFO - updater 21048 Patching C:\Qt\6.9.3\msvc2022_64\lib\Qt6FbSupport.prl
2026-09-26 14:58:44,482 - aqt.updater - INFO - updater 21048 Patching C:\Qt\6.9.3\msvc2022_64\lib\Qt6FbSupportd.prl
2026-09-26 14:58:44,491 - aqt.updater - INFO - updater 21048 Patching C:\Qt\6.9.3\msvc2022_64\lib\Qt6Gui.prl
2026-09-26 14:58:44,493 - aqt.updater - INFO - updater 21048 Patching C:\Qt\6.9.3\msvc2022_64\lib\Qt6Guid.prl
2026-09-26 14:58:44,494 - aqt.updater - INFO - updater 21048 Patching C:\Qt\6.9.3\msvc2022_64\lib\Qt6Help.prl
2026-09-26 14:58:44,495 - aqt.updater - INFO - updater 21048 Patching C:\Qt\6.9.3\msvc2022_64\lib\Qt6Helpd.prl
2026-09-26 14:58:44,497 - aqt.updater - INFO - updater 21048 Patching C:\Qt\6.9.3\msvc2022_64\lib\Qt6LabsAnimation.prl
2026-09-26 14:58:44,499 - aqt.updater - INFO - updater 21048 Patching C:\Qt\6.9.3\msvc2022_64\lib\Qt6LabsAnimationd.prl
2026-09-26 14:58:44,500 - aqt.updater - INFO - updater 21048 Patching C:\Qt\6.9.3\msvc2022_64\lib\Qt6LabsFolderListModel.prl
2026-09-26 14:58:44,501 - aqt.updater - INFO - updater 21048 Patching C:\Qt\6.9.3\msvc2022_64\lib\Qt6LabsFolderListModeld.prl
2026-09-26 14:58:44,502 - aqt.updater - INFO - updater 21048 Patching C:\Qt\6.9.3\msvc2022_64\lib\Qt6LabsPlatform.prl
2026-09-26 14:58:44,504 - aqt.updater - INFO - updater 21048 Patching C:\Qt\6.9.3\msvc2022_64\lib\Qt6LabsPlatformd.prl
2026-09-26 14:58:44,505 - aqt.updater - INFO - updater 21048 Patching C:\Qt\6.9.3\msvc2022_64\lib\Qt6LabsQmlModels.prl
2026-09-26 14:58:44,507 - aqt.updater - INFO - updater 21048 Patching C:\Qt\6.9.3\msvc2022_64\lib\Qt6LabsQmlModelsd.prl
2026-09-26 14:58:44,508 - aqt.updater - INFO - updater 21048 Patching C:\Qt\6.9.3\msvc2022_64\lib\Qt6LabsSettings.prl
2026-09-26 14:58:44,509 - aqt.updater - INFO - updater 21048 Patching C:\Qt\6.9.3\msvc2022_64\lib\Qt6LabsSettingsd.prl
2026-09-26 14:58:44,510 - aqt.updater - INFO - updater 21048 Patching C:\Qt\6.9.3\msvc2022_64\lib\Qt6LabsSharedImage.prl
2026-09-26 14:58:44,512 - aqt.updater - INFO - updater 21048 Patching C:\Qt\6.9.3\msvc2022_64\lib\Qt6LabsSharedImaged.prl
2026-09-26 14:58:44,513 - aqt.updater - INFO - updater 21048 Patching C:\Qt\6.9.3\msvc2022_64\lib\Qt6LabsWavefrontMesh.prl
2026-09-26 14:58:44,515 - aqt.updater - INFO - updater 21048 Patching C:\Qt\6.9.3\msvc2022_64\lib\Qt6LabsWavefrontMeshd.prl
2026-09-26 14:58:44,516 - aqt.updater - INFO - updater 21048 Patching C:\Qt\6.9.3\msvc2022_64\lib\Qt6Network.prl
2026-09-26 14:58:44,525 - aqt.updater - INFO - updater 21048 Patching C:\Qt\6.9.3\msvc2022_64\lib\Qt6Networkd.prl
2026-09-26 14:58:44,526 - aqt.updater - INFO - updater 21048 Patching C:\Qt\6.9.3\msvc2022_64\lib\Qt6OpenGL.prl
2026-09-26 14:58:44,528 - aqt.updater - INFO - updater 21048 Patching C:\Qt\6.9.3\msvc2022_64\lib\Qt6OpenGLd.prl
2026-09-26 14:58:44,529 - aqt.updater - INFO - updater 21048 Patching C:\Qt\6.9.3\msvc2022_64\lib\Qt6OpenGLWidgets.prl
2026-09-26 14:58:44,531 - aqt.updater - INFO - updater 21048 Patching C:\Qt\6.9.3\msvc2022_64\lib\Qt6OpenGLWidgetsd.prl
2026-09-26 14:58:44,532 - aqt.updater - INFO - updater 21048 Patching C:\Qt\6.9.3\msvc2022_64\lib\Qt6PacketProtocol.prl
2026-09-26 14:58:44,534 - aqt.updater - INFO - updater 21048 Patching C:\Qt\6.9.3\msvc2022_64\lib\Qt6PacketProtocold.prl
2026-09-26 14:58:44,535 - aqt.updater - INFO - updater 21048 Patching C:\Qt\6.9.3\msvc2022_64\lib\Qt6PrintSupport.prl
2026-09-26 14:58:44,536 - aqt.updater - INFO - updater 21048 Patching C:\Qt\6.9.3\msvc2022_64\lib\Qt6PrintSupportd.prl
2026-09-26 14:58:44,537 - aqt.updater - INFO - updater 21048 Patching C:\Qt\6.9.3\msvc2022_64\lib\Qt6Qml.prl
2026-09-26 14:58:44,539 - aqt.updater - INFO - updater 21048 Patching C:\Qt\6.9.3\msvc2022_64\lib\Qt6QmlAssetDownloader.prl
2026-09-26 14:58:44,540 - aqt.updater - INFO - updater 21048 Patching C:\Qt\6.9.3\msvc2022_64\lib\Qt6QmlAssetDownloaderd.prl
2026-09-26 14:58:44,542 - aqt.updater - INFO - updater 21048 Patching C:\Qt\6.9.3\msvc2022_64\lib\Qt6QmlCompiler.prl
2026-09-26 14:58:44,543 - aqt.updater - INFO - updater 21048 Patching C:\Qt\6.9.3\msvc2022_64\lib\Qt6QmlCompilerd.prl
2026-09-26 14:58:44,544 - aqt.updater - INFO - updater 21048 Patching C:\Qt\6.9.3\msvc2022_64\lib\Qt6QmlCore.prl
2026-09-26 14:58:44,546 - aqt.updater - INFO - updater 21048 Patching C:\Qt\6.9.3\msvc2022_64\lib\Qt6QmlCored.prl
2026-09-26 14:58:44,547 - aqt.updater - INFO - updater 21048 Patching C:\Qt\6.9.3\msvc2022_64\lib\Qt6Qmld.prl
2026-09-26 14:58:44,548 - aqt.updater - INFO - updater 21048 Patching C:\Qt\6.9.3\msvc2022_64\lib\Qt6QmlDebug.prl
2026-09-26 14:58:44,550 - aqt.updater - INFO - updater 21048 Patching C:\Qt\6.9.3\msvc2022_64\lib\Qt6QmlDebugd.prl
2026-09-26 14:58:44,551 - aqt.updater - INFO - updater 21048 Patching C:\Qt\6.9.3\msvc2022_64\lib\Qt6QmlDom.prl
2026-09-26 14:58:44,552 - aqt.updater - INFO - updater 21048 Patching C:\Qt\6.9.3\msvc2022_64\lib\Qt6QmlDomd.prl
2026-09-26 14:58:44,553 - aqt.updater - INFO - updater 21048 Patching C:\Qt\6.9.3\msvc2022_64\lib\Qt6QmlFormat.prl
2026-09-26 14:58:44,554 - aqt.updater - INFO - updater 21048 Patching C:\Qt\6.9.3\msvc2022_64\lib\Qt6QmlFormatd.prl
2026-09-26 14:58:44,556 - aqt.updater - INFO - updater 21048 Patching C:\Qt\6.9.3\msvc2022_64\lib\Qt6QmlLocalStorage.prl
2026-09-26 14:58:44,557 - aqt.updater - INFO - updater 21048 Patching C:\Qt\6.9.3\msvc2022_64\lib\Qt6QmlLocalStoraged.prl
2026-09-26 14:58:44,558 - aqt.updater - INFO - updater 21048 Patching C:\Qt\6.9.3\msvc2022_64\lib\Qt6QmlLS.prl
2026-09-26 14:58:44,559 - aqt.updater - INFO - updater 21048 Patching C:\Qt\6.9.3\msvc2022_64\lib\Qt6QmlLSd.prl
2026-09-26 14:58:44,561 - aqt.updater - INFO - updater 21048 Patching C:\Qt\6.9.3\msvc2022_64\lib\Qt6QmlMeta.prl
2026-09-26 14:58:44,564 - aqt.updater - INFO - updater 21048 Patching C:\Qt\6.9.3\msvc2022_64\lib\Qt6QmlMetad.prl
2026-09-26 14:58:44,565 - aqt.updater - INFO - updater 21048 Patching C:\Qt\6.9.3\msvc2022_64\lib\Qt6QmlModels.prl
2026-09-26 14:58:44,566 - aqt.updater - INFO - updater 21048 Patching C:\Qt\6.9.3\msvc2022_64\lib\Qt6QmlModelsd.prl
2026-09-26 14:58:44,568 - aqt.updater - INFO - updater 21048 Patching C:\Qt\6.9.3\msvc2022_64\lib\Qt6QmlNetwork.prl
2026-09-26 14:58:44,569 - aqt.updater - INFO - updater 21048 Patching C:\Qt\6.9.3\msvc2022_64\lib\Qt6QmlNetworkd.prl
2026-09-26 14:58:44,571 - aqt.updater - INFO - updater 21048 Patching C:\Qt\6.9.3\msvc2022_64\lib\Qt6QmlToolingSettings.prl
2026-09-26 14:58:44,572 - aqt.updater - INFO - updater 21048 Patching C:\Qt\6.9.3\msvc2022_64\lib\Qt6QmlToolingSettingsd.prl
2026-09-26 14:58:44,574 - aqt.updater - INFO - updater 21048 Patching C:\Qt\6.9.3\msvc2022_64\lib\Qt6QmlTypeRegistrar.prl
2026-09-26 14:58:44,575 - aqt.updater - INFO - updater 21048 Patching C:\Qt\6.9.3\msvc2022_64\lib\Qt6QmlTypeRegistrard.prl
2026-09-26 14:58:44,577 - aqt.updater - INFO - updater 21048 Patching C:\Qt\6.9.3\msvc2022_64\lib\Qt6QmlWorkerScript.prl
2026-09-26 14:58:44,578 - aqt.updater - INFO - updater 21048 Patching C:\Qt\6.9.3\msvc2022_64\lib\Qt6QmlWorkerScriptd.prl
2026-09-26 14:58:44,579 - aqt.updater - INFO - updater 21048 Patching C:\Qt\6.9.3\msvc2022_64\lib\Qt6QmlXmlListModel.prl
2026-09-26 14:58:44,581 - aqt.updater - INFO - updater 21048 Patching C:\Qt\6.9.3\msvc2022_64\lib\Qt6QmlXmlListModeld.prl
2026-09-26 14:58:44,582 - aqt.updater - INFO - updater 21048 Patching C:\Qt\6.9.3\msvc2022_64\lib\Qt6Quick.prl
2026-09-26 14:58:44,583 - aqt.updater - INFO - updater 21048 Patching C:\Qt\6.9.3\msvc2022_64\lib\Qt6QuickControls2.prl
2026-09-26 14:58:44,585 - aqt.updater - INFO - updater 21048 Patching C:\Qt\6.9.3\msvc2022_64\lib\Qt6QuickControls2Basic.prl
2026-09-26 14:58:44,586 - aqt.updater - INFO - updater 21048 Patching C:\Qt\6.9.3\msvc2022_64\lib\Qt6QuickControls2Basicd.prl
2026-09-26 14:58:44,588 - aqt.updater - INFO - updater 21048 Patching C:\Qt\6.9.3\msvc2022_64\lib\Qt6QuickControls2BasicStyleImpl.prl
2026-09-26 14:58:44,589 - aqt.updater - INFO - updater 21048 Patching C:\Qt\6.9.3\msvc2022_64\lib\Qt6QuickControls2BasicStyleImpld.prl
2026-09-26 14:58:44,590 - aqt.updater - INFO - updater 21048 Patching C:\Qt\6.9.3\msvc2022_64\lib\Qt6QuickControls2d.prl
2026-09-26 14:58:44,601 - aqt.updater - INFO - updater 21048 Patching C:\Qt\6.9.3\msvc2022_64\lib\Qt6QuickControls2FluentWinUI3StyleImpl.prl
2026-09-26 14:58:44,603 - aqt.updater - INFO - updater 21048 Patching C:\Qt\6.9.3\msvc2022_64\lib\Qt6QuickControls2FluentWinUI3StyleImpld.prl
2026-09-26 14:58:44,604 - aqt.updater - INFO - updater 21048 Patching C:\Qt\6.9.3\msvc2022_64\lib\Qt6QuickControls2Fusion.prl
2026-09-26 14:58:44,605 - aqt.updater - INFO - updater 21048 Patching C:\Qt\6.9.3\msvc2022_64\lib\Qt6QuickControls2Fusiond.prl
2026-09-26 14:58:44,607 - aqt.updater - INFO - updater 21048 Patching C:\Qt\6.9.3\msvc2022_64\lib\Qt6QuickControls2FusionStyleImpl.prl
2026-09-26 14:58:44,608 - aqt.updater - INFO - updater 21048 Patching C:\Qt\6.9.3\msvc2022_64\lib\Qt6QuickControls2FusionStyleImpld.prl
2026-09-26 14:58:44,610 - aqt.updater - INFO - updater 21048 Patching C:\Qt\6.9.3\msvc2022_64\lib\Qt6QuickControls2Imagine.prl
2026-09-26 14:58:44,611 - aqt.updater - INFO - updater 21048 Patching C:\Qt\6.9.3\msvc2022_64\lib\Qt6QuickControls2Imagined.prl
2026-09-26 14:58:44,612 - aqt.updater - INFO - updater 21048 Patching C:\Qt\6.9.3\msvc2022_64\lib\Qt6QuickControls2ImagineStyleImpl.prl
2026-09-26 14:58:44,613 - aqt.updater - INFO - updater 21048 Patching C:\Qt\6.9.3\msvc2022_64\lib\Qt6QuickControls2ImagineStyleImpld.prl
2026-09-26 14:58:44,614 - aqt.updater - INFO - updater 21048 Patching C:\Qt\6.9.3\msvc2022_64\lib\Qt6QuickControls2Impl.prl
2026-09-26 14:58:44,616 - aqt.updater - INFO - updater 21048 Patching C:\Qt\6.9.3\msvc2022_64\lib\Qt6QuickControls2Impld.prl
2026-09-26 14:58:44,617 - aqt.updater - INFO - updater 21048 Patching C:\Qt\6.9.3\msvc2022_64\lib\Qt6QuickControls2Material.prl
2026-09-26 14:58:44,618 - aqt.updater - INFO - updater 21048 Patching C:\Qt\6.9.3\msvc2022_64\lib\Qt6QuickControls2Materiald.prl
2026-09-26 14:58:44,619 - aqt.updater - INFO - updater 21048 Patching C:\Qt\6.9.3\msvc2022_64\lib\Qt6QuickControls2MaterialStyleImpl.prl
2026-09-26 14:58:44,620 - aqt.updater - INFO - updater 21048 Patching C:\Qt\6.9.3\msvc2022_64\lib\Qt6QuickControls2MaterialStyleImpld.prl
2026-09-26 14:58:44,622 - aqt.updater - INFO - updater 21048 Patching C:\Qt\6.9.3\msvc2022_64\lib\Qt6QuickControls2Universal.prl
2026-09-26 14:58:44,624 - aqt.updater - INFO - updater 21048 Patching C:\Qt\6.9.3\msvc2022_64\lib\Qt6QuickControls2Universald.prl
2026-09-26 14:58:44,626 - aqt.updater - INFO - updater 21048 Patching C:\Qt\6.9.3\msvc2022_64\lib\Qt6QuickControls2UniversalStyleImpl.prl
2026-09-26 14:58:44,627 - aqt.updater - INFO - updater 21048 Patching C:\Qt\6.9.3\msvc2022_64\lib\Qt6QuickControls2UniversalStyleImpld.prl
2026-09-26 14:58:44,629 - aqt.updater - INFO - updater 21048 Patching C:\Qt\6.9.3\msvc2022_64\lib\Qt6QuickControls2WindowsStyleImpl.prl
2026-09-26 14:58:44,630 - aqt.updater - INFO - updater 21048 Patching C:\Qt\6.9.3\msvc2022_64\lib\Qt6QuickControls2WindowsStyleImpld.prl
2026-09-26 14:58:44,640 - aqt.updater - INFO - updater 21048 Patching C:\Qt\6.9.3\msvc2022_64\lib\Qt6QuickControlsTestUtils.prl
2026-09-26 14:58:44,641 - aqt.updater - INFO - updater 21048 Patching C:\Qt\6.9.3\msvc2022_64\lib\Qt6QuickControlsTestUtilsd.prl
2026-09-26 14:58:44,643 - aqt.updater - INFO - updater 21048 Patching C:\Qt\6.9.3\msvc2022_64\lib\Qt6Quickd.prl
2026-09-26 14:58:44,644 - aqt.updater - INFO - updater 21048 Patching C:\Qt\6.9.3\msvc2022_64\lib\Qt6QuickDialogs2.prl
2026-09-26 14:58:44,646 - aqt.updater - INFO - updater 21048 Patching C:\Qt\6.9.3\msvc2022_64\lib\Qt6QuickDialogs2d.prl
2026-09-26 14:58:44,647 - aqt.updater - INFO - updater 21048 Patching C:\Qt\6.9.3\msvc2022_64\lib\Qt6QuickDialogs2QuickImpl.prl
2026-09-26 14:58:44,648 - aqt.updater - INFO - updater 21048 Patching C:\Qt\6.9.3\msvc2022_64\lib\Qt6QuickDialogs2QuickImpld.prl
2026-09-26 14:58:44,650 - aqt.updater - INFO - updater 21048 Patching C:\Qt\6.9.3\msvc2022_64\lib\Qt6QuickDialogs2Utils.prl
2026-09-26 14:58:44,661 - aqt.updater - INFO - updater 21048 Patching C:\Qt\6.9.3\msvc2022_64\lib\Qt6QuickDialogs2Utilsd.prl
2026-09-26 14:58:44,662 - aqt.updater - INFO - updater 21048 Patching C:\Qt\6.9.3\msvc2022_64\lib\Qt6QuickEffects.prl
2026-09-26 14:58:44,673 - aqt.updater - INFO - updater 21048 Patching C:\Qt\6.9.3\msvc2022_64\lib\Qt6QuickEffectsd.prl
2026-09-26 14:58:44,674 - aqt.updater - INFO - updater 21048 Patching C:\Qt\6.9.3\msvc2022_64\lib\Qt6QuickLayouts.prl
2026-09-26 14:58:44,676 - aqt.updater - INFO - updater 21048 Patching C:\Qt\6.9.3\msvc2022_64\lib\Qt6QuickLayoutsd.prl
2026-09-26 14:58:44,677 - aqt.updater - INFO - updater 21048 Patching C:\Qt\6.9.3\msvc2022_64\lib\Qt6QuickParticles.prl
2026-09-26 14:58:44,679 - aqt.updater - INFO - updater 21048 Patching C:\Qt\6.9.3\msvc2022_64\lib\Qt6QuickParticlesd.prl
2026-09-26 14:58:44,680 - aqt.updater - INFO - updater 21048 Patching C:\Qt\6.9.3\msvc2022_64\lib\Qt6QuickShapes.prl
2026-09-26 14:58:44,681 - aqt.updater - INFO - updater 21048 Patching C:\Qt\6.9.3\msvc2022_64\lib\Qt6QuickShapesd.prl
2026-09-26 14:58:44,683 - aqt.updater - INFO - updater 21048 Patching C:\Qt\6.9.3\msvc2022_64\lib\Qt6QuickTemplates2.prl
2026-09-26 14:58:44,694 - aqt.updater - INFO - updater 21048 Patching C:\Qt\6.9.3\msvc2022_64\lib\Qt6QuickTemplates2d.prl
2026-09-26 14:58:44,695 - aqt.updater - INFO - updater 21048 Patching C:\Qt\6.9.3\msvc2022_64\lib\Qt6QuickTest.prl
2026-09-26 14:58:44,696 - aqt.updater - INFO - updater 21048 Patching C:\Qt\6.9.3\msvc2022_64\lib\Qt6QuickTestd.prl
2026-09-26 14:58:44,698 - aqt.updater - INFO - updater 21048 Patching C:\Qt\6.9.3\msvc2022_64\lib\Qt6QuickTestUtils.prl
2026-09-26 14:58:44,699 - aqt.updater - INFO - updater 21048 Patching C:\Qt\6.9.3\msvc2022_64\lib\Qt6QuickTestUtilsd.prl
2026-09-26 14:58:44,701 - aqt.updater - INFO - updater 21048 Patching C:\Qt\6.9.3\msvc2022_64\lib\Qt6QuickVectorImage.prl
2026-09-26 14:58:44,709 - aqt.updater - INFO - updater 21048 Patching C:\Qt\6.9.3\msvc2022_64\lib\Qt6QuickVectorImaged.prl
2026-09-26 14:58:44,711 - aqt.updater - INFO - updater 21048 Patching C:\Qt\6.9.3\msvc2022_64\lib\Qt6QuickVectorImageGenerator.prl
2026-09-26 14:58:44,712 - aqt.updater - INFO - updater 21048 Patching C:\Qt\6.9.3\msvc2022_64\lib\Qt6QuickVectorImageGeneratord.prl
2026-09-26 14:58:44,713 - aqt.updater - INFO - updater 21048 Patching C:\Qt\6.9.3\msvc2022_64\lib\Qt6QuickWidgets.prl
2026-09-26 14:58:44,715 - aqt.updater - INFO - updater 21048 Patching C:\Qt\6.9.3\msvc2022_64\lib\Qt6QuickWidgetsd.prl
2026-09-26 14:58:44,716 - aqt.updater - INFO - updater 21048 Patching C:\Qt\6.9.3\msvc2022_64\lib\Qt6Sql.prl
2026-09-26 14:58:44,718 - aqt.updater - INFO - updater 21048 Patching C:\Qt\6.9.3\msvc2022_64\lib\Qt6Sqld.prl
2026-09-26 14:58:44,719 - aqt.updater - INFO - updater 21048 Patching C:\Qt\6.9.3\msvc2022_64\lib\Qt6Svg.prl
2026-09-26 14:58:44,720 - aqt.updater - INFO - updater 21048 Patching C:\Qt\6.9.3\msvc2022_64\lib\Qt6Svgd.prl
2026-09-26 14:58:44,721 - aqt.updater - INFO - updater 21048 Patching C:\Qt\6.9.3\msvc2022_64\lib\Qt6SvgWidgets.prl
2026-09-26 14:58:44,723 - aqt.updater - INFO - updater 21048 Patching C:\Qt\6.9.3\msvc2022_64\lib\Qt6SvgWidgetsd.prl
2026-09-26 14:58:44,724 - aqt.updater - INFO - updater 21048 Patching C:\Qt\6.9.3\msvc2022_64\lib\Qt6Test.prl
2026-09-26 14:58:44,726 - aqt.updater - INFO - updater 21048 Patching C:\Qt\6.9.3\msvc2022_64\lib\Qt6Testd.prl
2026-09-26 14:58:44,727 - aqt.updater - INFO - updater 21048 Patching C:\Qt\6.9.3\msvc2022_64\lib\Qt6UiTools.prl
2026-09-26 14:58:44,729 - aqt.updater - INFO - updater 21048 Patching C:\Qt\6.9.3\msvc2022_64\lib\Qt6UiToolsd.prl
2026-09-26 14:58:44,731 - aqt.updater - INFO - updater 21048 Patching C:\Qt\6.9.3\msvc2022_64\lib\Qt6Widgets.prl
2026-09-26 14:58:44,732 - aqt.updater - INFO - updater 21048 Patching C:\Qt\6.9.3\msvc2022_64\lib\Qt6Widgetsd.prl
2026-09-26 14:58:44,733 - aqt.updater - INFO - updater 21048 Patching C:\Qt\6.9.3\msvc2022_64\lib\Qt6Xml.prl
2026-09-26 14:58:44,735 - aqt.updater - INFO - updater 21048 Patching C:\Qt\6.9.3\msvc2022_64\lib\Qt6Xmld.prl
2026-09-26 14:58:44,736 - aqt.main - INFO - installer 21048 Finished installation
2026-09-26 14:58:44,736 - aqt.main - INFO - installer 21048 Time elapsed: 56.59823350 second
